student@T20:~$ cd ajce
student@T20:~/ajce$ find . -name a.txt
./a.txt
student@T20:~/ajce$ find ./lmca -name '*.txt'
./lmca/rmca/a.txt
./lmca/rmca/f2.txt
./lmca/rmca/f1.txt
./lmca/f1.txt
student@T20:~/ajce$ find . -perm 664
./lmca/f1.txt
./11-2-2019.txt
./14-2-2019.txt
./f2.txt
./f3.txt
student@T20:~/ajce$ find .-iname a.txt
find: ‘.-iname’: No such file or directory
a.txt
student@T20:~/ajce$ find . -iname a.txt
./A.txt
./lmca/rmca/a.txt
./a.txt
student@T20:~/ajce$ find . -empty
student@T20:~/ajce$ find -type d -name rmca
./lmca/rmca
./rmca
./intmca/lmca/rmca
./intmca/rmca
student@T20:~/ajce$ find ~ -perm 777
/home/student/snap/vlc/common/.cache/gio-modules/libgiolibproxy.so
/home/student/snap/vlc/common/.cache/gio-modules/libdconfsettings.so
/home/student/snap/vlc/common/.cache/gio-modules/libgiognutls.so
/home/student/snap/vlc/common/.cache/gio-modules/libgiognomeproxy.so
/home/student/snap/vlc/current
/home/student/snap/vlc/770/.themes
/home/student/snap/vlc/770/.config/gtk-2.0/gtkfilechooser.ini
/home/student/snap/vlc/770/.config/dconf/user
/home/student/snap/vlc/770/.config/ibus/bus
/home/student/snap/vlc/770/.config/gtk-3.0/bookmarks
/home/student/snap/vlc/770/.config/gtk-3.0/settings.ini
/home/student/snap/vlc/770/.local/share/glib-2.0/schemas/org.gnome.desktop.wm.keybindings.gschema.xml
/home/student/snap/vlc/770/.local/share/glib-2.0/schemas/org.gnome.desktop.thumbnail-cache.gschema.xml
/home/student/snap/vlc/770/.local/share/glib-2.0/schemas/org.gnome.desktop.a11y.applications.gschema.xml
/home/student/snap/vlc/770/.local/share/glib-2.0/schemas/org.gnome.system.location.gschema.xml
/home/student/snap/vlc/770/.local/share/glib-2.0/schemas/org.gnome.desktop.lockdown.gschema.xml
/home/student/snap/vlc/770/.local/share/glib-2.0/schemas/org.gnome.desktop.notifications.gschema.xml
/home/student/snap/vlc/770/.local/share/glib-2.0/schemas/org.gnome.desktop.session.gschema.xml
/home/student/snap/vlc/770/.local/share/glib-2.0/schemas/org.gnome.desktop.default-applications.gschema.xml
/home/student/snap/vlc/770/.local/share/glib-2.0/schemas/org.gnome.desktop.app-folders.gschema.xml
/home/student/snap/vlc/770/.local/share/glib-2.0/schemas/org.gnome.desktop.enums.xml
/home/student/snap/vlc/770/.local/share/glib-2.0/schemas/org.gnome.desktop.datetime.gschema.xml
/home/student/snap/vlc/770/.local/share/glib-2.0/schemas/org.gnome.desktop.media-handling.gschema.xml
/home/student/snap/vlc/770/.local/share/glib-2.0/schemas/10_gsettings-desktop-schemas.gschema.override
/home/student/snap/vlc/770/.local/share/glib-2.0/schemas/org.gnome.desktop.a11y.gschema.xml
/home/student/snap/vlc/770/.local/share/glib-2.0/schemas/org.gnome.desktop.screensaver.gschema.xml
/home/student/snap/vlc/770/.local/share/glib-2.0/schemas/org.gnome.desktop.search-providers.gschema.xml
/home/student/snap/vlc/770/.local/share/glib-2.0/schemas/org.gtk.Settings.ColorChooser.gschema.xml
/home/student/snap/vlc/770/.local/share/glib-2.0/schemas/org.gnome.system.locale.gschema.xml
/home/student/snap/vlc/770/.local/share/glib-2.0/schemas/org.gnome.desktop.interface.gschema.xml
/home/student/snap/vlc/770/.local/share/glib-2.0/schemas/org.gnome.desktop.input-sources.gschema.xml
/home/student/snap/vlc/770/.local/share/glib-2.0/schemas/org.gnome.desktop.a11y.mouse.gschema.xml
/home/student/snap/vlc/770/.local/share/glib-2.0/schemas/org.gtk.Settings.FileChooser.gschema.xml
/home/student/snap/vlc/770/.local/share/glib-2.0/schemas/org.gnome.system.proxy.gschema.xml
/home/student/snap/vlc/770/.local/share/glib-2.0/schemas/org.gnome.desktop.thumbnailers.gschema.xml
/home/student/snap/vlc/770/.local/share/glib-2.0/schemas/org.gnome.desktop.wm.preferences.gschema.xml
/home/student/snap/vlc/770/.local/share/glib-2.0/schemas/org.gnome.desktop.privacy.gschema.xml
/home/student/snap/vlc/770/.local/share/glib-2.0/schemas/org.gnome.desktop.a11y.keyboard.gschema.xml
/home/student/snap/vlc/770/.local/share/glib-2.0/schemas/10_libgtk-3-common.gschema.override
/home/student/snap/vlc/770/.local/share/glib-2.0/schemas/org.gnome.desktop.a11y.magnifier.gschema.xml
/home/student/snap/vlc/770/.local/share/glib-2.0/schemas/org.gnome.desktop.peripherals.gschema.xml
/home/student/snap/vlc/770/.local/share/glib-2.0/schemas/org.gnome.desktop.background.gschema.xml
/home/student/snap/vlc/770/.local/share/glib-2.0/schemas/org.gnome.desktop.sound.gschema.xml
/home/student/snap/vlc/770/.local/share/themes
/home/student/snap/vlc/770/.local/share/icons/Humanity-Dark/COPYING
/home/student/snap/vlc/770/.local/share/icons/Humanity-Dark/actions@2
/home/student/snap/vlc/770/.local/share/icons/Humanity-Dark/actions
/home/student/snap/vlc/770/.local/share/icons/Humanity-Dark/AUTHORS
/home/student/snap/vlc/770/.local/share/icons/Humanity-Dark/places
/home/student/snap/vlc/770/.local/share/icons/Humanity-Dark/places@2
/home/student/snap/vlc/770/.local/share/icons/Humanity-Dark/index.theme
/home/student/snap/vlc/770/.local/share/icons/Humanity-Dark/devices
/home/student/snap/vlc/770/.local/share/icons/Humanity-Dark/apps
/home/student/snap/vlc/770/.local/share/icons/Humanity-Dark/devices@2
/home/student/snap/vlc/770/.local/share/icons/Humanity-Dark/status@2
/home/student/snap/vlc/770/.local/share/icons/Humanity-Dark/status
/home/student/snap/vlc/770/.local/share/icons/Humanity-Dark/apps@2
/home/student/snap/vlc/770/.local/share/icons/Humanity/COPYING
/home/student/snap/vlc/770/.local/share/icons/Humanity/actions@2
/home/student/snap/vlc/770/.local/share/icons/Humanity/mimes
/home/student/snap/vlc/770/.local/share/icons/Humanity/actions
/home/student/snap/vlc/770/.local/share/icons/Humanity/AUTHORS
/home/student/snap/vlc/770/.local/share/icons/Humanity/mimes@2
/home/student/snap/vlc/770/.local/share/icons/Humanity/places
/home/student/snap/vlc/770/.local/share/icons/Humanity/places@2
/home/student/snap/vlc/770/.local/share/icons/Humanity/index.theme
/home/student/snap/vlc/770/.local/share/icons/Humanity/CONTRIBUTORS
/home/student/snap/vlc/770/.local/share/icons/Humanity/stock@2
/home/student/snap/vlc/770/.local/share/icons/Humanity/devices
/home/student/snap/vlc/770/.local/share/icons/Humanity/emblems
/home/student/snap/vlc/770/.local/share/icons/Humanity/apps
/home/student/snap/vlc/770/.local/share/icons/Humanity/emblems@2
/home/student/snap/vlc/770/.local/share/icons/Humanity/categories@2
/home/student/snap/vlc/770/.local/share/icons/Humanity/devices@2
/home/student/snap/vlc/770/.local/share/icons/Humanity/status@2
/home/student/snap/vlc/770/.local/share/icons/Humanity/categories
/home/student/snap/vlc/770/.local/share/icons/Humanity/stock
/home/student/snap/vlc/770/.local/share/icons/Humanity/animations@2
/home/student/snap/vlc/770/.local/share/icons/Humanity/animations
/home/student/snap/vlc/770/.local/share/icons/Humanity/status
/home/student/snap/vlc/770/.local/share/icons/Humanity/apps@2
/home/student/snap/vlc/770/.local/share/icons/ubuntu-mono-light/mimes
/home/student/snap/vlc/770/.local/share/icons/ubuntu-mono-light/actions
/home/student/snap/vlc/770/.local/share/icons/ubuntu-mono-light/places
/home/student/snap/vlc/770/.local/share/icons/ubuntu-mono-light/index.theme
/home/student/snap/vlc/770/.local/share/icons/ubuntu-mono-light/apps
/home/student/snap/vlc/770/.local/share/icons/ubuntu-mono-light/categories
/home/student/snap/vlc/770/.local/share/icons/ubuntu-mono-light/stock
/home/student/snap/vlc/770/.local/share/icons/ubuntu-mono-light/animations
/home/student/snap/vlc/770/.local/share/icons/ubuntu-mono-light/status
/home/student/snap/vlc/770/.local/share/icons/breeze-dark/actions
/home/student/snap/vlc/770/.local/share/icons/breeze-dark/places
/home/student/snap/vlc/770/.local/share/icons/breeze-dark/mimetypes
/home/student/snap/vlc/770/.local/share/icons/breeze-dark/index.theme
/home/student/snap/vlc/770/.local/share/icons/breeze-dark/devices
/home/student/snap/vlc/770/.local/share/icons/breeze-dark/applets
/home/student/snap/vlc/770/.local/share/icons/breeze-dark/emblems
/home/student/snap/vlc/770/.local/share/icons/breeze-dark/apps
/home/student/snap/vlc/770/.local/share/icons/breeze-dark/categories
/home/student/snap/vlc/770/.local/share/icons/breeze-dark/emotes
/home/student/snap/vlc/770/.local/share/icons/breeze-dark/animations
/home/student/snap/vlc/770/.local/share/icons/breeze-dark/preferences
/home/student/snap/vlc/770/.local/share/icons/breeze-dark/status
/home/student/snap/vlc/770/.local/share/icons/LoginIcons/index.theme
/home/student/snap/vlc/770/.local/share/icons/LoginIcons/apps
/home/student/snap/vlc/770/.local/share/icons/DMZ-Black/index.theme
/home/student/snap/vlc/770/.local/share/icons/DMZ-Black/cursors
/home/student/snap/vlc/770/.local/share/icons/DMZ-Black/cursor.theme
/home/student/snap/vlc/770/.local/share/icons/DMZ-White/index.theme
/home/student/snap/vlc/770/.local/share/icons/DMZ-White/cursors
/home/student/snap/vlc/770/.local/share/icons/DMZ-White/cursor.theme
/home/student/snap/vlc/770/.local/share/icons/breeze/actions
/home/student/snap/vlc/770/.local/share/icons/breeze/places
/home/student/snap/vlc/770/.local/share/icons/breeze/mimetypes
/home/student/snap/vlc/770/.local/share/icons/breeze/index.theme
/home/student/snap/vlc/770/.local/share/icons/breeze/devices
/home/student/snap/vlc/770/.local/share/icons/breeze/applets
/home/student/snap/vlc/770/.local/share/icons/breeze/emblems
/home/student/snap/vlc/770/.local/share/icons/breeze/apps
/home/student/snap/vlc/770/.local/share/icons/breeze/categories
/home/student/snap/vlc/770/.local/share/icons/breeze/emotes
/home/student/snap/vlc/770/.local/share/icons/breeze/animations
/home/student/snap/vlc/770/.local/share/icons/breeze/preferences
/home/student/snap/vlc/770/.local/share/icons/breeze/status
/home/student/snap/vlc/770/.local/share/icons/hicolor/512x512
/home/student/snap/vlc/770/.local/share/icons/hicolor/128x128
/home/student/snap/vlc/770/.local/share/icons/hicolor/192x192
/home/student/snap/vlc/770/.local/share/icons/hicolor/scalable
/home/student/snap/vlc/770/.local/share/icons/hicolor/index.theme
/home/student/snap/vlc/770/.local/share/icons/hicolor/72x72
/home/student/snap/vlc/770/.local/share/icons/hicolor/16x16
/home/student/snap/vlc/770/.local/share/icons/hicolor/256x256
/home/student/snap/vlc/770/.local/share/icons/hicolor/48x48
/home/student/snap/vlc/770/.local/share/icons/hicolor/96x96
/home/student/snap/vlc/770/.local/share/icons/hicolor/22x22
/home/student/snap/vlc/770/.local/share/icons/hicolor/24x24
/home/student/snap/vlc/770/.local/share/icons/hicolor/64x64
/home/student/snap/vlc/770/.local/share/icons/hicolor/symbolic
/home/student/snap/vlc/770/.local/share/icons/hicolor/36x36
/home/student/snap/vlc/770/.local/share/icons/hicolor/32x32
/home/student/snap/vlc/770/.local/share/icons/ubuntu-mono-dark/mimes
/home/student/snap/vlc/770/.local/share/icons/ubuntu-mono-dark/actions
/home/student/snap/vlc/770/.local/share/icons/ubuntu-mono-dark/places
/home/student/snap/vlc/770/.local/share/icons/ubuntu-mono-dark/index.theme
/home/student/snap/vlc/770/.local/share/icons/ubuntu-mono-dark/apps
/home/student/snap/vlc/770/.local/share/icons/ubuntu-mono-dark/categories
/home/student/snap/vlc/770/.local/share/icons/ubuntu-mono-dark/stock
/home/student/snap/vlc/770/.local/share/icons/ubuntu-mono-dark/animations
/home/student/snap/vlc/770/.local/share/icons/ubuntu-mono-dark/status
/home/student/snap/gnome-calculator/common/.cache/gio-modules/libgiolibproxy.so
/home/student/snap/gnome-calculator/common/.cache/gio-modules/libdconfsettings.so
/home/student/snap/gnome-calculator/common/.cache/gio-modules/libgiognutls.so
/home/student/snap/gnome-calculator/common/.cache/gio-modules/libgiognomeproxy.so
/home/student/snap/gnome-calculator/common/.cache/immodules/im-ibus.so
/home/student/snap/gnome-calculator/common/.cache/immodules/im-broadway.so
/home/student/snap/gnome-calculator/common/.cache/immodules/im-cedilla.so
/home/student/snap/gnome-calculator/common/.cache/immodules/im-cyrillic-translit.so
/home/student/snap/gnome-calculator/common/.cache/immodules/im-ti-er.so
/home/student/snap/gnome-calculator/common/.cache/immodules/im-multipress.so
/home/student/snap/gnome-calculator/common/.cache/immodules/im-am-et.so
/home/student/snap/gnome-calculator/common/.cache/immodules/im-fcitx.so
/home/student/snap/gnome-calculator/common/.cache/immodules/im-ipa.so
/home/student/snap/gnome-calculator/common/.cache/immodules/im-thai.so
/home/student/snap/gnome-calculator/common/.cache/immodules/im-ti-et.so
/home/student/snap/gnome-calculator/common/.cache/immodules/im-viqr.so
/home/student/snap/gnome-calculator/common/.cache/immodules/im-inuktitut.so
/home/student/snap/gnome-calculator/common/.cache/immodules/im-xim.so
/home/student/snap/gnome-calculator/current
/home/student/snap/gnome-calculator/260/.themes
/home/student/snap/gnome-calculator/260/.config/gtk-2.0/gtkfilechooser.ini
/home/student/snap/gnome-calculator/260/.config/dconf/user
/home/student/snap/gnome-calculator/260/.config/ibus/bus
/home/student/snap/gnome-calculator/260/.config/gtk-3.0/bookmarks
/home/student/snap/gnome-calculator/260/.config/gtk-3.0/settings.ini
/home/student/snap/gnome-calculator/260/.local/share/glib-2.0/schemas/org.gnome.calculator.gschema.xml
/home/student/snap/gnome-calculator/260/.local/share/themes
/home/student/snap/gnome-calculator/260/.local/share/icons/Suru/index.theme
/home/student/snap/gnome-calculator/260/.local/share/icons/communitheme/index.theme
/home/student/snap/gnome-calculator/260/.local/share/icons/DMZ-Black/index.theme
/home/student/snap/gnome-calculator/260/.local/share/icons/DMZ-Black/cursors
/home/student/snap/gnome-calculator/260/.local/share/icons/DMZ-Black/cursor.theme
/home/student/snap/gnome-calculator/260/.local/share/icons/DMZ-White/index.theme
/home/student/snap/gnome-calculator/260/.local/share/icons/DMZ-White/cursors
/home/student/snap/gnome-calculator/260/.local/share/icons/DMZ-White/cursor.theme
/home/student/snap/gnome-calculator/260/.local/share/icons/hicolor/512x512
/home/student/snap/gnome-calculator/260/.local/share/icons/hicolor/128x128
/home/student/snap/gnome-calculator/260/.local/share/icons/hicolor/192x192
/home/student/snap/gnome-calculator/260/.local/share/icons/hicolor/scalable
/home/student/snap/gnome-calculator/260/.local/share/icons/hicolor/index.theme
/home/student/snap/gnome-calculator/260/.local/share/icons/hicolor/72x72
/home/student/snap/gnome-calculator/260/.local/share/icons/hicolor/16x16
/home/student/snap/gnome-calculator/260/.local/share/icons/hicolor/256x256
/home/student/snap/gnome-calculator/260/.local/share/icons/hicolor/48x48
/home/student/snap/gnome-calculator/260/.local/share/icons/hicolor/96x96
/home/student/snap/gnome-calculator/260/.local/share/icons/hicolor/22x22
/home/student/snap/gnome-calculator/260/.local/share/icons/hicolor/24x24
/home/student/snap/gnome-calculator/260/.local/share/icons/hicolor/64x64
/home/student/snap/gnome-calculator/260/.local/share/icons/hicolor/symbolic
/home/student/snap/gnome-calculator/260/.local/share/icons/hicolor/36x36
/home/student/snap/gnome-calculator/260/.local/share/icons/hicolor/32x32
/home/student/.mozilla/firefox/x7r7fvw2.default/lock
student@T20:~/ajce$ tar -czvf text.tar.gz *.txt
11-2-2019.txt
14-2-2019.txt
16-2-2019.txt
21-2-2019.txt
25-02-2019.txt
7-3-2019.txt
a.txt
A.txt
b.txt
f1.txt
f2.txt
f3.txt
fc.txt
student@T20:~/ajce$ ls
11-2-2019.txt  16-2-2019.txt  25-02-2019.txt  a.txt  b.txt   f2.txt  fc.txt             intmca  ml5.odg  text.tar.gz
14-2-2019.txt  21-2-2019.txt  7-3-2019.txt    A.txt  f1.txt  f3.txt  homeexamplesample  lmca    rmca
student@T20:~/ajce$ cd rmca
student@T20:~/ajce/rmca$ tar -xzvf text.tar
tar (child): text.tar: Cannot open: No such file or directory
tar (child): Error is not recoverable: exiting now
tar: Child returned status 2
tar: Error is not recoverable: exiting now
student@T20:~/ajce/rmca$ tar -xzvf text.tar.gz
11-2-2019.txt
14-2-2019.txt
16-2-2019.txt
21-2-2019.txt
25-02-2019.txt
7-3-2019.txt
a.txt
A.txt
b.txt
f1.txt
f2.txt
f3.txt
fc.txt
student@T20:~/ajce/rmca$ 

